[2026-08-20 15:12:56] - [INFO] - [app] - [project.py] - [LẤY DANH SÁCH DỰ ÁN THÀNH CÔNG !]
[2026-08-20 15:13:25] - [ERROR] - [app] - [project.py] - [DỰ ÁN ĐÃ BỊ XÓA !]
[2026-08-20 15:13:32] - [ERROR] - [app] - [project.py] - [DỰ ÁN ĐÃ BỊ XÓA !]
[2026-08-20 15:13:38] - [ERROR] - [app] - [project.py] - [BẠN KHÔNG ĐỦ QUYỀN ĐỂ XEM CHI TIẾT DỰ ÁN]
[2026-08-20 15:13:56] - [ERROR] - [app] - [project.py] - [BẠN KHÔNG ĐỦ QUYỀN ĐỂ XEM CHI TIẾT DỰ ÁN]
[2026-08-20 15:14:32] - [ERROR] - [app] - [project.py] - [BẠN KHÔNG ĐỦ QUYỀN ĐỂ CẬP NHẬT DỰ ÁN]
[2026-08-20 15:14:38] - [INFO] - [app] - [project.py] - [CẬP NHẬT DỰ ÁN]
[2026-08-20 15:14:51] - [ERROR] - [app] - [project.py] - [DỰ ÁN NÀY ĐÃ XÓA !]
[2026-08-20 15:16:11] - [ERROR] - [app] - [project.py] - [BẠN KHÔNG ĐỦ QUYỀN ĐỂ XÓA]
[2026-08-20 15:16:13] - [ERROR] - [app] - [project.py] - [BẠN KHÔNG ĐỦ QUYỀN ĐỂ XÓA]
[2026-08-20 15:16:16] - [ERROR] - [app] - [project.py] - [DỰ ÁN NÀY ĐÃ XÓA !]
[2026-08-20 15:16:44] - [INFO] - [app] - [project.py] - [CẬP NHẬT DỰ ÁN]
[2026-08-20 15:16:51] - [INFO] - [app] - [project.py] - [XÓA THÀNH CÔNG]
[2026-08-20 20:23:15] - [INFO] - [app] - [project.py] - [LẤY DANH SÁCH DỰ ÁN THÀNH CÔNG !]
[2026-08-20 20:23:30] - [INFO] - [app] - [project.py] - [CẬP NHẬT DỰ ÁN]
[2026-08-20 20:23:36] - [INFO] - [app] - [project.py] - [LẤY DANH SÁCH DỰ ÁN THÀNH CÔNG !]
[2026-08-20 20:24:12] - [ERROR] - [app] - [project_member.py] - [BẠN KHÔNG ĐỦ QUYỀN ĐỂ XEM CHI TIẾT DỰ ÁN]
[2026-08-20 20:26:07] - [ERROR] - [app] - [project_member.py] - [BẠN KHÔNG ĐỦ QUYỀN ĐỂ LÀM VỚI DỰ ÁN NÀY !]
[2026-08-20 20:32:14] - [ERROR] - [app] - [project_member.py] - [USER KHÔNG TỒN TẠI !]
[2026-08-20 20:32:27] - [ERROR] - [app] - [project_member.py] - [NGƯỜI DÙNG ĐÃ CÓ TRONG DỰ ÁN]
[2026-08-20 20:32:36] - [ERROR] - [app] - [project_member.py] - [NGƯỜI DÙNG ĐÃ CÓ TRONG DỰ ÁN]
[2026-08-20 20:32:42] - [ERROR] - [app] - [project_member.py] - [NGƯỜI DÙNG ĐÃ CÓ TRONG DỰ ÁN]
[2026-08-20 20:38:35] - [INFO] - [app] - [project.py] - [LẤY DANH SÁCH DỰ ÁN THÀNH CÔNG !]
[2026-08-20 20:39:07] - [INFO] - [app] - [project.py] - [LẤY DANH SÁCH DỰ ÁN THÀNH CÔNG !]
[2026-08-20 20:52:28] - [ERROR] - [app] - [project_member.py] - [BẠN KHÔNG ĐỦ QUYỀN ĐỂ LÀM VỚI DỰ ÁN NÀY !]
[2026-08-20 20:54:27] - [ERROR] - [app] - [project_member.py] - [BẠN KHÔNG ĐỦ QUYỀN ĐỂ XEM THÀNH VIÊN THUỘC DỰ ÁN!]
[2026-08-20 21:22:18] - [INFO] - [app] - [project.py] - [LẤY DANH SÁCH DỰ ÁN THÀNH CÔNG !]
[2026-08-20 21:22:24] - [ERROR] - [app] - [project_member.py] - [BẠN KHÔNG ĐỦ QUYỀN ĐỂ XEM THÀNH VIÊN THUỘC DỰ ÁN!]
[2026-08-20 21:22:35] - [ERROR] - [app] - [project_member.py] - [BẠN KHÔNG ĐỦ QUYỀN ĐỂ XEM THÀNH VIÊN THUỘC DỰ ÁN!]
[2026-08-20 21:24:55] - [INFO] - [app] - [project.py] - [TẠO DỰ ÁN THÀNH CÔNG]
[2026-08-20 21:28:26] - [INFO] - [app] - [project.py] - [TẠO DỰ ÁN THÀNH CÔNG]
[2026-08-20 21:28:49] - [INFO] - [app] - [project.py] - [XÓA THÀNH CÔNG]
[2026-08-20 21:29:03] - [INFO] - [app] - [project.py] - [LẤY DANH SÁCH DỰ ÁN THÀNH CÔNG !]
[2026-08-20 21:29:35] - [ERROR] - [app] - [project_member.py] - [NGƯỜI DÙNG ĐÃ CÓ TRONG DỰ ÁN]
[2026-08-20 21:30:04] - [ERROR] - [app] - [project_member.py] - [KHÔNG TÌM THẤY DỰ ÁN]
[2026-08-20 21:30:54] - [ERROR] - [app] - [project_member.py] - [DỰ ÁN ĐÃ BỊ XÓA !]
[2026-08-20 21:31:03] - [ERROR] - [app] - [project_member.py] - [DỰ ÁN ĐÃ BỊ XÓA !]
[2026-08-20 21:48:22] - [ERROR] - [app] - [project_member.py] - [DỰ ÁN ĐÃ BỊ XÓA !]
[2026-08-21 08:46:11] - [INFO] - [app] - [project.py] - [LẤY DANH SÁCH DỰ ÁN THÀNH CÔNG !]
[2026-08-21 08:50:11] - [INFO] - [app] - [project_member.py] - [LẤY DANH SÁCH DỰ ÁN THÀNH CÔNG !]
[2026-08-21 08:50:29] - [INFO] - [app] - [project_member.py] - [THÊM THÀNH VIÊN THÀNH CÔNG !]
[2026-08-21 08:50:33] - [INFO] - [app] - [project_member.py] - [LẤY DANH SÁCH DỰ ÁN THÀNH CÔNG !]
[2026-08-21 12:59:41] - [INFO] - [app] - [project.py] - [LẤY DANH SÁCH DỰ ÁN THÀNH CÔNG !]
[2026-08-21 12:59:50] - [INFO] - [app] - [project_member.py] - [LẤY DANH SÁCH DỰ ÁN THÀNH CÔNG !]
[2026-08-21 13:04:41] - [INFO] - [app] - [project.py] - [LẤY THÀNH CÔNG CHI TIẾT DỰ ÁN]
[2026-08-21 13:04:47] - [INFO] - [app] - [project.py] - [LẤY DANH SÁCH DỰ ÁN THÀNH CÔNG !]
[2026-08-21 13:05:01] - [ERROR] - [app] - [project.py] - [BẠN KHÔNG ĐỦ QUYỀN ĐỂ XÓA]
[2026-08-21 13:05:25] - [INFO] - [app] - [project.py] - [LẤY DANH SÁCH DỰ ÁN THÀNH CÔNG !]
[2026-08-21 13:05:56] - [ERROR] - [app] - [project_member.py] - [DỰ ÁN ĐÃ BỊ XÓA !]
[2026-08-21 13:57:23] - [INFO] - [app] - [project.py] - [LẤY DANH SÁCH DỰ ÁN THÀNH CÔNG !]
[2026-08-21 13:57:44] - [INFO] - [app] - [project.py] - [CẬP NHẬT DỰ ÁN]
[2026-08-21 13:57:50] - [INFO] - [app] - [project.py] - [LẤY DANH SÁCH DỰ ÁN THÀNH CÔNG !]
[2026-08-21 16:21:56] - [INFO] - [app] - [project_member.py] - [LẤY DANH SÁCH DỰ ÁN THÀNH CÔNG !]
[2026-08-23 14:18:43] - [INFO] - [app] - [project_member.py] - [LẤY DANH SÁCH DỰ ÁN THÀNH CÔNG !]
[2026-08-23 14:18:51] - [INFO] - [app] - [project.py] - [LẤY DANH SÁCH DỰ ÁN THÀNH CÔNG !]
[2026-08-23 14:21:44] - [ERROR] - [app] - [project_member.py] - [BẠN KHÔNG ĐỦ QUYỀN ĐỂ XEM THÀNH VIÊN THUỘC DỰ ÁN!]
[2026-08-23 14:21:50] - [INFO] - [app] - [project_member.py] - [LẤY DANH SÁCH DỰ ÁN THÀNH CÔNG !]
[2026-08-23 18:19:38] - [INFO] - [app] - [project.py] - [LẤY DANH SÁCH DỰ ÁN THÀNH CÔNG !]
[2026-08-23 18:19:54] - [ERROR] - [app] - [project_member.py] - [BẠN KHÔNG ĐỦ QUYỀN ĐỂ XEM THÀNH VIÊN THUỘC DỰ ÁN!]
[2026-08-23 18:20:33] - [INFO] - [app] - [project_member.py] - [LẤY DANH SÁCH DỰ ÁN THÀNH CÔNG !]
[2026-08-23 18:21:04] - [ERROR] - [app] - [project_member.py] - [NGƯỜI DÙNG ĐÃ CÓ TRONG DỰ ÁN]
[2026-08-23 18:21:27] - [INFO] - [app] - [project_member.py] - [THÊM THÀNH VIÊN THÀNH CÔNG !]
[2026-08-23 18:21:47] - [ERROR] - [app] - [project_member.py] - [NGƯỜI DÙNG ĐÃ CÓ TRONG DỰ ÁN]
[2026-08-23 18:21:59] - [ERROR] - [app] - [project_member.py] - [KHỐNG ĐƯỢC XÓA CHÍNH BẢN THÂN TRONG DỰ ÁN ĐÓ !]
[2026-08-23 18:22:13] - [INFO] - [app] - [project_member.py] - [XÓA THÀNH VIÊN THÀNH CONG !]
[2026-08-23 18:22:40] - [INFO] - [app] - [project_member.py] - [THÊM THÀNH VIÊN THÀNH CÔNG !]
[2026-08-23 18:23:36] - [ERROR] - [app] - [project_member.py] - [NGƯỜI DÙNG ĐÃ CÓ TRONG DỰ ÁN]
[2026-08-23 18:23:44] - [INFO] - [app] - [project_member.py] - [XÓA THÀNH VIÊN THÀNH CONG !]
[2026-08-23 18:23:56] - [INFO] - [app] - [project_member.py] - [LẤY DANH SÁCH DỰ ÁN THÀNH CÔNG !]
[2026-08-23 18:24:24] - [INFO] - [app] - [project_member.py] - [LẤY DANH SÁCH DỰ ÁN THÀNH CÔNG !]
[2026-08-23 18:37:21] - [INFO] - [app] - [middleware.py] - [RequestID: 5d3cd68c-59a7-46a2-9a55-7d1a5c06bc1b | Method: GET | Path: /docs | Status: 200 | ProcessTime: 0.0004s]
[2026-08-23 18:37:21] - [INFO] - [app] - [middleware.py] - [RequestID: 7aeec3c2-9022-4a8c-a7d8-bf5623f260d2 | Method: GET | Path: /openapi.json | Status: 200 | ProcessTime: 0.1710s]
[2026-08-23 18:38:28] - [INFO] - [app] - [middleware.py] - [RequestID: 89f3aafc-746d-455d-871c-8ba2c6ee55a6 | Method: POST | Path: /auth/login | Status: 400 | ProcessTime: 0.0445s]
[2026-08-23 18:38:39] - [INFO] - [app] - [middleware.py] - [RequestID: ca876022-b7e8-47f6-b1c6-3b56012230fb | Method: GET | Path: /docs | Status: 200 | ProcessTime: 0.0002s]
[2026-08-23 18:38:39] - [INFO] - [app] - [middleware.py] - [RequestID: 7889d2ba-733e-4826-8501-1a92fc4ede66 | Method: GET | Path: /openapi.json | Status: 200 | ProcessTime: 0.0016s]
[2026-08-23 18:39:02] - [INFO] - [app] - [middleware.py] - [RequestID: d341118a-d7c7-42b5-bda8-9d1ea622bec3 | Method: POST | Path: /auth/login | Status: 201 | ProcessTime: 0.0986s]
[2026-08-23 18:39:05] - [INFO] - [app] - [middleware.py] - [RequestID: a1540f4d-b013-41b5-b5e0-efce6998e0cf | Method: GET | Path: /.well-known/appspecific/com.chrome.devtools.json | Status: 404 | ProcessTime: 0.0005s]
[2026-08-23 18:39:13] - [INFO] - [app] - [middleware.py] - [RequestID: ec7863fe-3c49-46c6-8ae1-0164b9204995 | Method: POST | Path: /auth/login | Status: 201 | ProcessTime: 0.1361s]
[2026-08-24 07:03:33] - [INFO] - [app] - [middleware.py] - [RequestID: 60781ddb-db6e-4ee1-9b6d-27fef5e1871d | Method: GET | Path: /docs | Status: 200 | ProcessTime: 0.0014s]
[2026-08-24 07:03:34] - [INFO] - [app] - [middleware.py] - [RequestID: b48f42b2-8379-49d3-99a8-3568ae6d563e | Method: GET | Path: /openapi.json | Status: 200 | ProcessTime: 0.3176s]
[2026-08-24 07:16:55] - [INFO] - [app] - [middleware.py] - [RequestID: 3dc46afb-dce2-406e-a3c5-b7188bca3f25 | Method: GET | Path: /docs | Status: 200 | ProcessTime: 0.0017s]
[2026-08-24 07:16:55] - [INFO] - [app] - [middleware.py] - [RequestID: d3b32b01-84d2-4da6-b467-c9dce0b5eaa6 | Method: GET | Path: /openapi.json | Status: 200 | ProcessTime: 0.0029s]
[2026-08-24 07:17:59] - [INFO] - [app] - [middleware.py] - [RequestID: dee891be-f14b-4536-8a16-c10feb374c84 | Method: POST | Path: /auth/login | Status: 201 | ProcessTime: 0.3086s]
[2026-08-24 07:18:18] - [INFO] - [app] - [project.py] - [TẠO DỰ ÁN THÀNH CÔNG]
[2026-08-24 07:18:18] - [INFO] - [app] - [middleware.py] - [RequestID: b74fe734-eaf4-4d06-a11a-c9c6b1bf4ff2 | Method: POST | Path: /projects/ | Status: 201 | ProcessTime: 0.0357s]
[2026-08-24 07:18:30] - [INFO] - [app] - [project.py] - [LẤY DANH SÁCH DỰ ÁN THÀNH CÔNG !]
[2026-08-24 07:18:30] - [INFO] - [app] - [middleware.py] - [RequestID: e0324bfb-324e-4b27-9a70-8431ca33ed05 | Method: GET | Path: /projects/ | Status: 200 | ProcessTime: 0.0199s]
[2026-08-24 07:18:48] - [INFO] - [app] - [project.py] - [LẤY DANH SÁCH DỰ ÁN THÀNH CÔNG !]
[2026-08-24 07:18:48] - [INFO] - [app] - [middleware.py] - [RequestID: 091ad688-8208-4851-a5f4-f54fd83af5aa | Method: GET | Path: /projects/ | Status: 200 | ProcessTime: 0.0511s]
[2026-08-24 07:18:57] - [ERROR] - [app] - [project.py] - [KHÔNG TÌM THẤY DỰ ÁN]
[2026-08-24 07:18:57] - [INFO] - [app] - [middleware.py] - [RequestID: 31d71682-2d6f-48da-8257-8b97ba315a0e | Method: GET | Path: /projects/5 | Status: 404 | ProcessTime: 0.0091s]
[2026-08-24 07:19:02] - [INFO] - [app] - [project.py] - [LẤY THÀNH CÔNG CHI TIẾT DỰ ÁN]
[2026-08-24 07:19:02] - [INFO] - [app] - [middleware.py] - [RequestID: 44ad90a0-7edb-4a2b-8720-61a894230931 | Method: GET | Path: /projects/2 | Status: 200 | ProcessTime: 0.0126s]
[2026-08-24 07:19:09] - [INFO] - [app] - [project.py] - [LẤY DANH SÁCH DỰ ÁN THÀNH CÔNG !]
[2026-08-24 07:19:09] - [INFO] - [app] - [middleware.py] - [RequestID: 61c72add-7e50-45fc-ada0-6a729f953979 | Method: GET | Path: /projects/ | Status: 200 | ProcessTime: 0.0089s]
[2026-08-24 07:19:17] - [ERROR] - [app] - [project.py] - [BẠN KHÔNG ĐỦ QUYỀN ĐỂ XEM CHI TIẾT DỰ ÁN]
[2026-08-24 07:19:17] - [INFO] - [app] - [middleware.py] - [RequestID: 8b308a09-cb21-4651-8970-9412d0343db3 | Method: GET | Path: /projects/1 | Status: 403 | ProcessTime: 0.0481s]
[2026-08-24 07:19:25] - [ERROR] - [app] - [project.py] - [BẠN KHÔNG ĐỦ QUYỀN ĐỂ CẬP NHẬT DỰ ÁN]
[2026-08-24 07:19:25] - [INFO] - [app] - [middleware.py] - [RequestID: a189a9e0-ed9d-4009-8f38-11d5555f4a56 | Method: PATCH | Path: /projects/1 | Status: 403 | ProcessTime: 0.0091s]
[2026-08-24 07:19:53] - [ERROR] - [app] - [project.py] - [BẠN KHÔNG ĐỦ QUYỀN ĐỂ CẬP NHẬT DỰ ÁN]
[2026-08-24 07:19:53] - [INFO] - [app] - [middleware.py] - [RequestID: 872752f7-cb61-429a-a642-cb7d1c3937ed | Method: PATCH | Path: /projects/1 | Status: 403 | ProcessTime: 0.0083s]
[2026-08-24 07:20:02] - [INFO] - [app] - [project.py] - [CẬP NHẬT DỰ ÁN]
[2026-08-24 07:20:02] - [INFO] - [app] - [middleware.py] - [RequestID: ff676f26-f212-48b3-be27-ac7d41f3d760 | Method: PATCH | Path: /projects/2 | Status: 200 | ProcessTime: 0.0597s]
[2026-08-24 07:20:44] - [INFO] - [app] - [project.py] - [XÓA THÀNH CÔNG]
[2026-08-24 07:20:44] - [INFO] - [app] - [middleware.py] - [RequestID: 6374c360-c1dd-468e-a2bc-3fe7f8b6d0d4 | Method: DELETE | Path: /projects/4 | Status: 204 | ProcessTime: 0.0122s]
[2026-08-24 07:21:31] - [ERROR] - [app] - [project_member.py] - [DỰ ÁN ĐÃ BỊ XÓA !]
[2026-08-24 07:21:31] - [INFO] - [app] - [middleware.py] - [RequestID: 5f36290b-0fec-4982-8f1b-c45c36198eba | Method: POST | Path: /project_member/4/members | Status: 400 | ProcessTime: 0.0098s]
[2026-08-24 07:21:47] - [INFO] - [app] - [project.py] - [CẬP NHẬT DỰ ÁN]
[2026-08-24 07:21:47] - [INFO] - [app] - [middleware.py] - [RequestID: 81078c29-1053-4e72-9ea1-784559312986 | Method: PATCH | Path: /projects/4 | Status: 200 | ProcessTime: 0.0330s]
[2026-08-24 07:22:02] - [INFO] - [app] - [project_member.py] - [THÊM THÀNH VIÊN THÀNH CÔNG !]
[2026-08-24 07:22:02] - [INFO] - [app] - [middleware.py] - [RequestID: 34aab785-1372-4f87-aec3-12ac158a6817 | Method: POST | Path: /project_member/4/members | Status: 201 | ProcessTime: 0.0616s]
[2026-08-24 07:22:10] - [INFO] - [app] - [project_member.py] - [LẤY DANH SÁCH DỰ ÁN THÀNH CÔNG !]
[2026-08-24 07:22:10] - [INFO] - [app] - [middleware.py] - [RequestID: 69c03f0a-26b7-4f7c-ad67-fe7a167fb036 | Method: GET | Path: /project_member/4/members | Status: 200 | ProcessTime: 0.0134s]
[2026-08-24 07:22:23] - [INFO] - [app] - [project_member.py] - [XÓA THÀNH VIÊN THÀNH CONG !]
[2026-08-24 07:22:23] - [INFO] - [app] - [middleware.py] - [RequestID: afd6242e-0938-4650-89d4-b30def2987c0 | Method: DELETE | Path: /project_member/4/members/11 | Status: 204 | ProcessTime: 0.0378s]
[2026-08-24 07:22:27] - [ERROR] - [app] - [project_member.py] - [USER KHÔNG TỒN TẠI !]
[2026-08-24 07:22:27] - [INFO] - [app] - [middleware.py] - [RequestID: 174342a3-7d4a-46c1-9dff-e18f2d10ea5f | Method: DELETE | Path: /project_member/4/members/1 | Status: 404 | ProcessTime: 0.0110s]
[2026-08-24 07:22:32] - [ERROR] - [app] - [project_member.py] - [KHỐNG ĐƯỢC XÓA CHÍNH BẢN THÂN TRONG DỰ ÁN ĐÓ !]
[2026-08-24 07:22:32] - [INFO] - [app] - [middleware.py] - [RequestID: 1b248fad-3a16-4cc7-b70c-4df365b40753 | Method: DELETE | Path: /project_member/4/members/9 | Status: 400 | ProcessTime: 0.0091s]
[2026-08-24 07:23:20] - [INFO] - [app] - [project_member.py] - [THÊM THÀNH VIÊN THÀNH CÔNG !]
[2026-08-24 07:23:20] - [INFO] - [app] - [middleware.py] - [RequestID: 3bdbfd9e-0ab5-462a-b8a0-04e074bafa02 | Method: POST | Path: /project_member/4/members | Status: 201 | ProcessTime: 0.0666s]
[2026-08-24 07:23:59] - [INFO] - [app] - [middleware.py] - [RequestID: ed5ec134-b332-43f1-b253-f268a8ab5be3 | Method: PATCH | Path: /projects/4 | Status: 422 | ProcessTime: 0.0053s]
[2026-08-24 07:40:12] - [INFO] - [app] - [middleware.py] - [RequestID: 43f1c4df-b121-42d0-ad8c-0729885bc41f | Method: GET | Path: /docs | Status: 200 | ProcessTime: 0.0005s]
[2026-08-24 07:40:12] - [INFO] - [app] - [middleware.py] - [RequestID: b2127ddd-483e-4dee-bad8-7693ecaffcc7 | Method: GET | Path: /openapi.json | Status: 200 | ProcessTime: 0.3476s]
[2026-08-24 07:40:21] - [INFO] - [app] - [middleware.py] - [RequestID: 993e2816-034f-4ce2-bff2-0f80c76b573d | Method: GET | Path: /docs | Status: 200 | ProcessTime: 0.0004s]
[2026-08-24 07:40:21] - [INFO] - [app] - [middleware.py] - [RequestID: b2ba8109-60a0-4599-89c7-5f86a9514c3e | Method: GET | Path: /openapi.json | Status: 200 | ProcessTime: 0.0019s]
[2026-08-24 07:40:49] - [INFO] - [app] - [middleware.py] - [RequestID: 117ba5e1-1694-4262-8217-357ff8248a4c | Method: POST | Path: /auth/login | Status: 201 | ProcessTime: 0.2081s]
[2026-08-24 07:41:11] - [INFO] - [app] - [middleware.py] - [RequestID: ea79df76-f8ba-46ea-9f3b-ee686f31c17b | Method: POST | Path: /projects/ | Status: 422 | ProcessTime: 0.0112s]
[2026-08-24 07:41:33] - [INFO] - [app] - [project.py] - [TẠO DỰ ÁN THÀNH CÔNG]
[2026-08-24 07:41:33] - [INFO] - [app] - [middleware.py] - [RequestID: a1d4d1cc-be24-433e-b004-f71466276d88 | Method: POST | Path: /projects/ | Status: 201 | ProcessTime: 0.0586s]
[2026-08-24 07:42:11] - [INFO] - [app] - [project.py] - [LẤY DANH SÁCH DỰ ÁN THÀNH CÔNG !]
[2026-08-24 07:42:11] - [INFO] - [app] - [middleware.py] - [RequestID: 4a3f1c59-d5b9-4650-af90-18360291460e | Method: GET | Path: /projects/ | Status: 200 | ProcessTime: 0.0228s]
[2026-08-24 07:49:09] - [ERROR] - [app] - [project.py] - [KHÔNG TÌM THẤY DỰ ÁN]
[2026-08-24 07:49:09] - [INFO] - [app] - [middleware.py] - [RequestID: 4da7cc67-4c30-40d7-9f58-1da533a3857f | Method: DELETE | Path: /projects/10 | Status: 404 | ProcessTime: 0.0090s]
[2026-08-24 07:49:12] - [INFO] - [app] - [project.py] - [XÓA THÀNH CÔNG]
[2026-08-24 07:49:12] - [INFO] - [app] - [middleware.py] - [RequestID: 4e217121-9b46-4cbb-b4da-99be0231b7a7 | Method: DELETE | Path: /projects/5 | Status: 204 | ProcessTime: 0.0499s]
[2026-08-24 08:05:22] - [ERROR] - [app] - [project.py] - [KHÔNG TÌM THẤY DỰ ÁN]
[2026-08-24 08:05:22] - [INFO] - [app] - [middleware.py] - [RequestID: 065b28e9-0b48-4bcd-ab66-7186025ef50c | Method: DELETE | Path: /projects/100 | Status: 404 | ProcessTime: 0.0094s]
[2026-08-24 08:06:12] - [INFO] - [app] - [middleware.py] - [RequestID: 93c91379-dbff-4874-94cb-4e88f572d201 | Method: DELETE | Path: /projects/4 | Status: 401 | ProcessTime: 0.0029s]
[2026-08-24 08:06:24] - [INFO] - [app] - [project.py] - [XÓA THÀNH CÔNG]
[2026-08-24 08:06:24] - [INFO] - [app] - [middleware.py] - [RequestID: 09811644-e407-438a-bb9d-00c5cb4f4f62 | Method: DELETE | Path: /projects/4 | Status: 204 | ProcessTime: 0.0486s]
[2026-08-24 08:20:46] - [INFO] - [app] - [middleware.py] - [RequestID: c04df459-611f-49d9-8080-f865c1b86553 | Method: GET | Path: /project_member/9/members | Status: 401 | ProcessTime: 0.0194s]
[2026-08-24 08:20:59] - [INFO] - [app] - [middleware.py] - [RequestID: 3762535c-50fe-4580-9b15-325202486304 | Method: POST | Path: /auth/refresh | Status: 201 | ProcessTime: 0.0425s]
[2026-08-24 08:21:28] - [INFO] - [app] - [project_member.py] - [LẤY DANH SÁCH DỰ ÁN THÀNH CÔNG !]
[2026-08-24 08:21:28] - [INFO] - [app] - [middleware.py] - [RequestID: d7ee6936-660d-4577-b7dc-2b5ce27fbcb8 | Method: GET | Path: /project_member/2/members | Status: 200 | ProcessTime: 0.0308s]
[2026-08-24 09:05:20] - [INFO] - [app] - [middleware.py] - [RequestID: 91aab27d-1ad7-4660-b279-82edf92be16f | Method: GET | Path: /docs | Status: 200 | ProcessTime: 0.0008s]
[2026-08-24 09:05:20] - [INFO] - [app] - [middleware.py] - [RequestID: fc82f71e-8636-4b28-bdfb-47171cf1ad8a | Method: GET | Path: /openapi.json | Status: 200 | ProcessTime: 0.1447s]
[2026-08-24 09:05:27] - [INFO] - [app] - [main.py] - [API chạy tốt !]
[2026-08-24 09:05:27] - [INFO] - [app] - [middleware.py] - [RequestID: a471345b-425e-497f-9fb0-ca3e03497f08 | Method: GET | Path: / | Status: 200 | ProcessTime: 0.0019s]
[2026-08-24 09:05:28] - [INFO] - [app] - [main.py] - [API chạy tốt !]
[2026-08-24 09:05:28] - [INFO] - [app] - [middleware.py] - [RequestID: 6b9f1eaa-9dde-4d37-8370-ed923fc713b9 | Method: GET | Path: / | Status: 200 | ProcessTime: 0.0013s]
[2026-08-24 09:05:28] - [INFO] - [app] - [main.py] - [API chạy tốt !]
[2026-08-24 09:05:28] - [INFO] - [app] - [middleware.py] - [RequestID: d31e8868-b591-4f3e-8a55-1e36dbbd08b2 | Method: GET | Path: / | Status: 200 | ProcessTime: 0.0009s]
[2026-08-24 09:05:28] - [INFO] - [app] - [main.py] - [API chạy tốt !]
[2026-08-24 09:05:28] - [INFO] - [app] - [middleware.py] - [RequestID: 8ba791a7-ed7b-4080-9819-683ed2fe0dd8 | Method: GET | Path: / | Status: 200 | ProcessTime: 0.0009s]
[2026-08-24 09:05:28] - [INFO] - [app] - [main.py] - [API chạy tốt !]
[2026-08-24 09:05:28] - [INFO] - [app] - [middleware.py] - [RequestID: 38e9fd8c-219d-4a0e-ad7a-2b141b32c30b | Method: GET | Path: / | Status: 200 | ProcessTime: 0.0009s]
[2026-08-24 09:05:28] - [INFO] - [app] - [main.py] - [API chạy tốt !]
[2026-08-24 09:05:28] - [INFO] - [app] - [middleware.py] - [RequestID: 6f30a549-71ec-496f-b054-1e6c35f090cf | Method: GET | Path: / | Status: 200 | ProcessTime: 0.0011s]
[2026-08-24 15:34:01] - [INFO] - [app] - [middleware.py] - [RequestID: c080bf64-0094-4474-99ec-d13384daa028 | Method: GET | Path: /docs | Status: 200 | ProcessTime: 0.0005s]
[2026-08-24 15:34:02] - [INFO] - [app] - [middleware.py] - [RequestID: 0043f51f-9669-42ea-9168-a34d403bb1a3 | Method: GET | Path: /openapi.json | Status: 200 | ProcessTime: 0.0009s]
[2026-08-24 15:34:20] - [INFO] - [app] - [main.py] - [API chạy tốt !]
[2026-08-24 15:34:20] - [INFO] - [app] - [middleware.py] - [RequestID: 4e04bcef-a3a2-47ca-b722-31c8006ccbcc | Method: GET | Path: / | Status: 200 | ProcessTime: 0.0035s]
[2026-08-24 15:34:21] - [INFO] - [app] - [middleware.py] - [RequestID: a97a80a3-0686-4881-bc0a-d3b7905cd2df | Method: GET | Path: /favicon.ico | Status: 404 | ProcessTime: 0.0006s]
[2026-08-24 15:36:32] - [INFO] - [app] - [middleware.py] - [RequestID: e90d60f9-b16a-4e7d-a1d2-cf799239baca | Method: GET | Path: /docs | Status: 200 | ProcessTime: 0.0007s]
[2026-08-24 15:36:33] - [INFO] - [app] - [middleware.py] - [RequestID: e077a203-d14c-43b9-811e-86db9d517aae | Method: GET | Path: /openapi.json | Status: 200 | ProcessTime: 0.0016s]
[2026-08-24 15:36:37] - [INFO] - [app] - [main.py] - [API chạy tốt !]
[2026-08-24 15:36:37] - [INFO] - [app] - [middleware.py] - [RequestID: 359034d1-1569-4238-b543-aee0be7cc2fe | Method: GET | Path: / | Status: 200 | ProcessTime: 0.0010s]
[2026-08-24 15:36:38] - [INFO] - [app] - [main.py] - [API chạy tốt !]
[2026-08-24 15:36:38] - [INFO] - [app] - [middleware.py] - [RequestID: 2fdf65d0-452e-44ef-bebd-3b20fb190e97 | Method: GET | Path: / | Status: 200 | ProcessTime: 0.0010s]
[2026-08-24 15:36:38] - [INFO] - [app] - [main.py] - [API chạy tốt !]
[2026-08-24 15:36:38] - [INFO] - [app] - [middleware.py] - [RequestID: bf2224d4-f343-414d-8c60-dd2c01a5ac9c | Method: GET | Path: / | Status: 200 | ProcessTime: 0.0010s]
[2026-08-24 15:36:39] - [INFO] - [app] - [main.py] - [API chạy tốt !]
[2026-08-24 15:36:39] - [INFO] - [app] - [middleware.py] - [RequestID: 757a2770-b2aa-49a4-84d9-bed813b15d9d | Method: GET | Path: / | Status: 200 | ProcessTime: 0.0010s]
[2026-08-24 15:36:39] - [INFO] - [app] - [main.py] - [API chạy tốt !]
[2026-08-24 15:36:39] - [INFO] - [app] - [middleware.py] - [RequestID: 2137c8fb-04d5-4aa3-895f-f572bba0a922 | Method: GET | Path: / | Status: 200 | ProcessTime: 0.0010s]
[2026-08-24 15:36:40] - [INFO] - [app] - [main.py] - [API chạy tốt !]
[2026-08-24 15:36:40] - [INFO] - [app] - [middleware.py] - [RequestID: 52216451-54ab-4de3-bd52-37dcfb979305 | Method: GET | Path: / | Status: 200 | ProcessTime: 0.0010s]
[2026-08-24 15:36:40] - [INFO] - [app] - [main.py] - [API chạy tốt !]
[2026-08-24 15:36:40] - [INFO] - [app] - [middleware.py] - [RequestID: 7cb5381b-f3a4-4996-b19d-3540dad497ae | Method: GET | Path: / | Status: 200 | ProcessTime: 0.0011s]
[2026-08-24 15:37:43] - [INFO] - [app] - [middleware.py] - [RequestID: 4e49ae9f-d1c5-4030-9326-4d3ceab0b1f5 | Method: GET | Path: /docs | Status: 200 | ProcessTime: 0.0005s]
[2026-08-24 15:37:43] - [INFO] - [app] - [middleware.py] - [RequestID: bfe2ae25-25d4-4e32-883d-f13387f5537d | Method: GET | Path: /openapi.json | Status: 200 | ProcessTime: 0.0012s]
[2026-08-24 15:38:44] - [INFO] - [app] - [middleware.py] - [RequestID: 71c34fc4-74bf-484b-a60e-77d7a90448a6 | Method: GET | Path: /redocs | Status: 404 | ProcessTime: 0.0008s]
[2026-08-24 15:38:52] - [INFO] - [app] - [middleware.py] - [RequestID: b47a14c4-f07b-4f57-815e-6b657c07f6ff | Method: GET | Path: /redoc | Status: 200 | ProcessTime: 0.0006s]
[2026-08-24 15:38:53] - [INFO] - [app] - [middleware.py] - [RequestID: af6829d8-5699-465d-9634-c7658504f53c | Method: GET | Path: /openapi.json | Status: 200 | ProcessTime: 0.0019s]
[2026-08-24 15:41:31] - [INFO] - [app] - [middleware.py] - [RequestID: 2d3f98fe-5336-4df6-a4a8-64faa3be2ca4 | Method: GET | Path: /docs | Status: 200 | ProcessTime: 0.0027s]
[2026-08-24 15:41:32] - [INFO] - [app] - [middleware.py] - [RequestID: 2269d49f-ee3c-4e23-8937-94468374099e | Method: GET | Path: /openapi.json | Status: 200 | ProcessTime: 0.3556s]
[2026-08-24 15:41:46] - [INFO] - [app] - [middleware.py] - [RequestID: fe26a3c3-a044-4c4f-a88f-18d78c257295 | Method: GET | Path: /docs | Status: 200 | ProcessTime: 0.0006s]
[2026-08-24 15:41:46] - [INFO] - [app] - [middleware.py] - [RequestID: 63ec258b-9ddc-4489-aa96-b1a98d79d22f | Method: GET | Path: /openapi.json | Status: 200 | ProcessTime: 0.1879s]
[2026-08-24 15:44:03] - [INFO] - [app] - [middleware.py] - [RequestID: 095c1369-767a-43cf-886b-4d500e202094 | Method: GET | Path: /docs | Status: 200 | ProcessTime: 0.0018s]
[2026-08-24 15:44:03] - [INFO] - [app] - [middleware.py] - [RequestID: d6f46b1e-cfc9-4a5e-a330-ed82498c0b47 | Method: GET | Path: /openapi.json | Status: 200 | ProcessTime: 0.3305s]
[2026-08-24 22:36:45] - [INFO] - [app] - [middleware.py] - [RequestID: 8f8d04b2-5c56-440c-b78f-9dc9b12b81fa | Method: GET | Path: /docs | Status: 200 | ProcessTime: 0.0016s]
[2026-08-24 22:36:46] - [INFO] - [app] - [middleware.py] - [RequestID: 80d8d345-2c8e-41d3-8d63-5fa1f0c4f148 | Method: GET | Path: /openapi.json | Status: 200 | ProcessTime: 0.5940s]
[2026-08-24 22:39:38] - [INFO] - [app] - [middleware.py] - [RequestID: 0e89f96a-9226-4123-a94a-faacf602751d | Method: POST | Path: /auth/login | Status: 201 | ProcessTime: 0.3747s]
[2026-08-24 22:40:45] - [INFO] - [app] - [middleware.py] - [RequestID: b60c4235-32b7-4ab0-8b31-2d5892a44dd1 | Method: GET | Path: /task/projects/1/tasks | Status: 403 | ProcessTime: 0.0363s]
[2026-08-24 22:42:53] - [INFO] - [app] - [middleware.py] - [RequestID: 51c0251c-7542-4a5c-8b57-c7d5760741fc | Method: GET | Path: /task/projects/2/tasks | Status: 200 | ProcessTime: 0.0718s]
[2026-08-24 22:43:29] - [INFO] - [app] - [middleware.py] - [RequestID: 39385a0f-9832-4da2-b592-7e1946a014c7 | Method: POST | Path: /task/projects/2/task | Status: 404 | ProcessTime: 0.0176s]
[2026-08-24 22:43:36] - [INFO] - [app] - [middleware.py] - [RequestID: 4d5c22de-0829-43ac-95bc-f647bc9617fb | Method: POST | Path: /task/projects/2/task | Status: 400 | ProcessTime: 0.0152s]
[2026-08-24 22:43:55] - [INFO] - [app] - [project_member.py] - [THÊM THÀNH VIÊN THÀNH CÔNG !]
[2026-08-24 22:43:55] - [INFO] - [app] - [middleware.py] - [RequestID: c82b368c-8c55-4762-a398-2e12ab019e5d | Method: POST | Path: /project/2/members | Status: 201 | ProcessTime: 0.0604s]
[2026-08-24 22:44:03] - [INFO] - [app] - [middleware.py] - [RequestID: 1b2f8e10-ea32-46e7-ac65-f9c95fa7f888 | Method: POST | Path: /task/projects/2/task | Status: 201 | ProcessTime: 0.0702s]
[2026-08-24 22:45:02] - [INFO] - [app] - [middleware.py] - [RequestID: ade741f8-5274-443e-9923-3b36990823ec | Method: GET | Path: /task/projects/2/tasks | Status: 200 | ProcessTime: 0.0353s]
[2026-08-24 22:46:37] - [INFO] - [app] - [middleware.py] - [RequestID: 94e27308-8c47-4738-855a-7cbd61c0d6a3 | Method: GET | Path: /task/projects/2/tasks | Status: 200 | ProcessTime: 0.0135s]
[2026-08-24 22:47:19] - [INFO] - [app] - [middleware.py] - [RequestID: 56214ac9-f57d-42a2-a2b9-b55b9193cb94 | Method: GET | Path: /task/projects/2/tasks | Status: 200 | ProcessTime: 0.0225s]
[2026-08-24 22:48:11] - [INFO] - [app] - [middleware.py] - [RequestID: 6d3efc1c-c3bb-41e7-94e6-861faad304e2 | Method: PATCH | Path: /task/tasks/31 | Status: 422 | ProcessTime: 0.0121s]
[2026-08-24 22:48:20] - [INFO] - [app] - [middleware.py] - [RequestID: f1b13404-c4df-4419-9211-f2ed139f95ce | Method: PATCH | Path: /task/tasks/31 | Status: 400 | ProcessTime: 0.0123s]
[2026-08-24 22:48:33] - [INFO] - [app] - [middleware.py] - [RequestID: 6bee4351-3af0-4670-a960-f6525ea4b0e3 | Method: PATCH | Path: /task/tasks/31 | Status: 404 | ProcessTime: 0.0200s]
[2026-08-24 22:50:22] - [INFO] - [app] - [middleware.py] - [RequestID: dbeb0d20-e2b5-4be7-ab18-a2618339e719 | Method: PATCH | Path: /task/tasks/31 | Status: 200 | ProcessTime: 0.0381s]
[2026-08-24 22:50:31] - [INFO] - [app] - [middleware.py] - [RequestID: df8ea6fb-d43d-4ba4-8a1f-d54447d65788 | Method: DELETE | Path: /task/31 | Status: 204 | ProcessTime: 0.0220s]
[2026-08-24 22:51:43] - [INFO] - [app] - [middleware.py] - [RequestID: 67a68e84-f3ba-468a-95d9-c0dd1ecbc52e | Method: POST | Path: /task/31/comments | Status: 400 | ProcessTime: 0.0083s]
[2026-08-24 22:51:54] - [INFO] - [app] - [middleware.py] - [RequestID: a953afa3-0bec-456a-9a15-b4eaa64f06d8 | Method: GET | Path: /task/projects/2/tasks | Status: 200 | ProcessTime: 0.0222s]
[2026-08-24 22:52:05] - [INFO] - [app] - [middleware.py] - [RequestID: fdb3067f-ba39-4112-b853-096ea5ebc979 | Method: GET | Path: /task/projects/2/tasks | Status: 200 | ProcessTime: 0.0103s]
[2026-08-24 22:52:24] - [INFO] - [app] - [middleware.py] - [RequestID: 9855402b-02f1-4e81-b9d8-e0f0ceded647 | Method: GET | Path: /task/projects/2/tasks | Status: 200 | ProcessTime: 0.0373s]
[2026-08-24 22:52:34] - [INFO] - [app] - [middleware.py] - [RequestID: edbecde4-d311-40a3-80d1-ac93c4f6528d | Method: GET | Path: /task/projects/2/tasks | Status: 200 | ProcessTime: 0.0097s]
[2026-08-24 22:52:48] - [INFO] - [app] - [middleware.py] - [RequestID: 72e5edd8-e24d-4156-93fc-ca0420af8121 | Method: GET | Path: /task/projects/2/tasks | Status: 200 | ProcessTime: 0.0213s]
[2026-08-24 22:52:55] - [INFO] - [app] - [middleware.py] - [RequestID: 1613a8e8-b22b-41c4-a3dd-3d0441b91e5d | Method: GET | Path: /task/projects/2/tasks | Status: 200 | ProcessTime: 0.0101s]
[2026-08-24 22:53:02] - [INFO] - [app] - [middleware.py] - [RequestID: b5e0a353-80f7-45e0-8133-8866a0a13d75 | Method: GET | Path: /task/projects/2/tasks | Status: 200 | ProcessTime: 0.0092s]
[2026-08-24 22:53:10] - [INFO] - [app] - [middleware.py] - [RequestID: e015a321-4637-4947-aad0-962377e1be8c | Method: GET | Path: /task/projects/2/tasks | Status: 200 | ProcessTime: 0.0213s]
[2026-08-24 22:53:15] - [INFO] - [app] - [middleware.py] - [RequestID: 1b80e218-ce88-4a1a-841e-abbcdf79ab71 | Method: GET | Path: /task/projects/2/tasks | Status: 200 | ProcessTime: 0.0117s]
[2026-08-24 22:54:14] - [INFO] - [app] - [middleware.py] - [RequestID: 906a8396-c0e5-4404-a411-0ee3a8872f97 | Method: GET | Path: /task/projects/2/tasks | Status: 200 | ProcessTime: 0.2250s]
[2026-08-24 22:54:47] - [INFO] - [app] - [middleware.py] - [RequestID: 77df9bc1-7e59-4b89-9ec2-52523cdbf897 | Method: POST | Path: /task/15/comments | Status: 201 | ProcessTime: 0.0701s]
[2026-08-24 22:55:33] - [INFO] - [app] - [middleware.py] - [RequestID: 48a59b62-599c-4843-a4ca-c360e1d6ef23 | Method: POST | Path: /task/15/attachments | Status: 400 | ProcessTime: 0.0175s]
[2026-08-24 22:55:44] - [INFO] - [app] - [middleware.py] - [RequestID: 97b09bd1-2ad4-4234-981e-c95adb72ba6e | Method: POST | Path: /task/15/attachments | Status: 201 | ProcessTime: 0.1072s]
[2026-08-24 22:56:02] - [INFO] - [app] - [middleware.py] - [RequestID: a91a09d7-78e2-407f-85c8-1d1d77708d64 | Method: GET | Path: /task/projects/2/tasks | Status: 200 | ProcessTime: 0.0335s]
[2026-08-24 22:58:19] - [INFO] - [app] - [middleware.py] - [RequestID: 5c648af7-947c-4520-a475-7ae45216e4e9 | Method: POST | Path: /auth/register | Status: 409 | ProcessTime: 0.0497s]
[2026-08-24 22:58:26] - [INFO] - [app] - [middleware.py] - [RequestID: b64b84fa-470d-4ff2-bd8f-ea443343af36 | Method: POST | Path: /auth/register | Status: 422 | ProcessTime: 0.0137s]
[2026-08-24 22:58:31] - [INFO] - [app] - [middleware.py] - [RequestID: 3eadf7e3-de8a-449a-b25b-abec0fe1f42c | Method: POST | Path: /auth/register | Status: 422 | ProcessTime: 0.0029s]
[2026-08-24 22:58:36] - [INFO] - [app] - [middleware.py] - [RequestID: b9a95f32-d792-4ff7-a3f3-a1cf675a8b60 | Method: POST | Path: /auth/register | Status: 409 | ProcessTime: 0.0128s]
[2026-08-24 22:58:46] - [INFO] - [app] - [middleware.py] - [RequestID: c07df354-6268-403a-8406-719aa7660940 | Method: POST | Path: /auth/register | Status: 201 | ProcessTime: 0.2856s]
[2026-08-24 22:59:50] - [INFO] - [app] - [middleware.py] - [RequestID: bf434d6b-9d47-423e-9cee-a1bcf402b158 | Method: POST | Path: /auth/login | Status: 201 | ProcessTime: 0.1697s]
[2026-08-24 22:59:59] - [INFO] - [app] - [middleware.py] - [RequestID: daf159c5-716e-49f1-bdef-c2a59b7b1000 | Method: POST | Path: /auth/login | Status: 422 | ProcessTime: 0.0036s]
[2026-08-24 23:00:05] - [INFO] - [app] - [middleware.py] - [RequestID: 40c23dc9-70a8-4251-8191-3fc2d8d39131 | Method: POST | Path: /auth/login | Status: 422 | ProcessTime: 0.0066s]
[2026-08-24 23:00:10] - [INFO] - [app] - [middleware.py] - [RequestID: 61354f9c-5c40-402e-89dd-fffd93b65eae | Method: POST | Path: /auth/login | Status: 400 | ProcessTime: 0.1787s]
[2026-08-24 23:00:23] - [INFO] - [app] - [middleware.py] - [RequestID: f31ac48d-f40d-4666-ae9b-1d9647e59439 | Method: POST | Path: /auth/login | Status: 201 | ProcessTime: 0.2051s]
[2026-08-24 23:01:12] - [INFO] - [app] - [middleware.py] - [RequestID: 0c895623-a427-49a7-9b51-ff78c3bea32e | Method: GET | Path: /user/users | Status: 200 | ProcessTime: 0.0427s]
[2026-08-24 23:03:12] - [INFO] - [app] - [middleware.py] - [RequestID: c403ab76-8615-46fe-a00e-0295374883e2 | Method: POST | Path: /auth/login | Status: 201 | ProcessTime: 0.1531s]
[2026-08-24 23:03:23] - [INFO] - [app] - [middleware.py] - [RequestID: bfad155e-0722-437f-a1ec-f91f6a61b915 | Method: GET | Path: /user/users | Status: 403 | ProcessTime: 0.0040s]
[2026-08-24 23:03:45] - [INFO] - [app] - [middleware.py] - [RequestID: efab9836-726b-4812-a274-d8169b7cc6d0 | Method: POST | Path: /auth/login | Status: 201 | ProcessTime: 0.2067s]
[2026-08-24 23:03:56] - [INFO] - [app] - [middleware.py] - [RequestID: 3218bd8d-c729-488b-9ed6-ce13f6545d96 | Method: GET | Path: /user/users | Status: 200 | ProcessTime: 0.0093s]
[2026-08-24 23:04:49] - [INFO] - [app] - [project.py] - [LẤY DANH SÁCH DỰ ÁN THÀNH CÔNG !]
[2026-08-24 23:04:49] - [INFO] - [app] - [middleware.py] - [RequestID: f4ec4d06-f3bc-4ebf-9939-59fa5a671ed4 | Method: GET | Path: /projects/ | Status: 200 | ProcessTime: 0.0978s]
[2026-08-24 23:06:29] - [INFO] - [app] - [project.py] - [LẤY THÀNH CÔNG CHI TIẾT DỰ ÁN]
[2026-08-24 23:06:29] - [INFO] - [app] - [middleware.py] - [RequestID: 9d2df8aa-497c-4b3e-8763-e4afef47ce62 | Method: GET | Path: /projects/1 | Status: 200 | ProcessTime: 0.0159s]
[2026-08-24 23:06:36] - [ERROR] - [app] - [project.py] - [BẠN KHÔNG ĐỦ QUYỀN ĐỂ XEM CHI TIẾT DỰ ÁN]
[2026-08-24 23:06:36] - [INFO] - [app] - [middleware.py] - [RequestID: 70f73d38-0472-4143-8c20-f9ce8bdd1275 | Method: GET | Path: /projects/3 | Status: 403 | ProcessTime: 0.0287s]
[2026-08-24 23:06:59] - [ERROR] - [app] - [project.py] - [DỰ ÁN ĐÃ BỊ XÓA !]
[2026-08-24 23:06:59] - [INFO] - [app] - [middleware.py] - [RequestID: 3b653909-de41-4866-9be0-dd0bdf62f612 | Method: GET | Path: /projects/1 | Status: 400 | ProcessTime: 0.0096s]
