[2026-08-20 15:12:56] - [INFO] - [app] - [project.py] - [LẤY DANH SÁCH DỰ ÁN THÀNH CÔNG !]
[2026-08-20 15:13:25] - [ERROR] - [app] - [project.py] - [DỰ ÁN ĐÃ BỊ XÓA !]
[2026-08-20 15:13:32] - [ERROR] - [app] - [project.py] - [DỰ ÁN ĐÃ BỊ XÓA !]
[2026-08-20 15:13:38] - [ERROR] - [app] - [project.py] - [BẠN KHÔNG ĐỦ QUYỀN ĐỂ XEM CHI TIẾT DỰ ÁN]
[2026-08-20 15:13:56] - [ERROR] - [app] - [project.py] - [BẠN KHÔNG ĐỦ QUYỀN ĐỂ XEM CHI TIẾT DỰ ÁN]
[2026-08-20 15:14:32] - [ERROR] - [app] - [project.py] - [BẠN KHÔNG ĐỦ QUYỀN ĐỂ CẬP NHẬT DỰ ÁN]
[2026-08-20 15:14:38] - [INFO] - [app] - [project.py] - [CẬP NHẬT DỰ ÁN]
[2026-08-20 15:14:51] - [ERROR] - [app] - [project.py] - [DỰ ÁN NÀY ĐÃ XÓA !]
[2026-08-20 15:16:11] - [ERROR] - [app] - [project.py] - [BẠN KHÔNG ĐỦ QUYỀN ĐỂ XÓA]
[2026-08-20 15:16:13] - [ERROR] - [app] - [project.py] - [BẠN KHÔNG ĐỦ QUYỀN ĐỂ XÓA]
[2026-08-20 15:16:16] - [ERROR] - [app] - [project.py] - [DỰ ÁN NÀY ĐÃ XÓA !]
[2026-08-20 15:16:44] - [INFO] - [app] - [project.py] - [CẬP NHẬT DỰ ÁN]
[2026-08-20 15:16:51] - [INFO] - [app] - [project.py] - [XÓA THÀNH CÔNG]
[2026-08-20 20:23:15] - [INFO] - [app] - [project.py] - [LẤY DANH SÁCH DỰ ÁN THÀNH CÔNG !]
[2026-08-20 20:23:30] - [INFO] - [app] - [project.py] - [CẬP NHẬT DỰ ÁN]
[2026-08-20 20:23:36] - [INFO] - [app] - [project.py] - [LẤY DANH SÁCH DỰ ÁN THÀNH CÔNG !]
[2026-08-20 20:24:12] - [ERROR] - [app] - [project_member.py] - [BẠN KHÔNG ĐỦ QUYỀN ĐỂ XEM CHI TIẾT DỰ ÁN]
[2026-08-20 20:26:07] - [ERROR] - [app] - [project_member.py] - [BẠN KHÔNG ĐỦ QUYỀN ĐỂ LÀM VỚI DỰ ÁN NÀY !]
[2026-08-20 20:32:14] - [ERROR] - [app] - [project_member.py] - [USER KHÔNG TỒN TẠI !]
[2026-08-20 20:32:27] - [ERROR] - [app] - [project_member.py] - [NGƯỜI DÙNG ĐÃ CÓ TRONG DỰ ÁN]
[2026-08-20 20:32:36] - [ERROR] - [app] - [project_member.py] - [NGƯỜI DÙNG ĐÃ CÓ TRONG DỰ ÁN]
[2026-08-20 20:32:42] - [ERROR] - [app] - [project_member.py] - [NGƯỜI DÙNG ĐÃ CÓ TRONG DỰ ÁN]
[2026-08-20 20:38:35] - [INFO] - [app] - [project.py] - [LẤY DANH SÁCH DỰ ÁN THÀNH CÔNG !]
[2026-08-20 20:39:07] - [INFO] - [app] - [project.py] - [LẤY DANH SÁCH DỰ ÁN THÀNH CÔNG !]
[2026-08-20 20:52:28] - [ERROR] - [app] - [project_member.py] - [BẠN KHÔNG ĐỦ QUYỀN ĐỂ LÀM VỚI DỰ ÁN NÀY !]
[2026-08-20 20:54:27] - [ERROR] - [app] - [project_member.py] - [BẠN KHÔNG ĐỦ QUYỀN ĐỂ XEM THÀNH VIÊN THUỘC DỰ ÁN!]
[2026-08-20 21:22:18] - [INFO] - [app] - [project.py] - [LẤY DANH SÁCH DỰ ÁN THÀNH CÔNG !]
[2026-08-20 21:22:24] - [ERROR] - [app] - [project_member.py] - [BẠN KHÔNG ĐỦ QUYỀN ĐỂ XEM THÀNH VIÊN THUỘC DỰ ÁN!]
[2026-08-20 21:22:35] - [ERROR] - [app] - [project_member.py] - [BẠN KHÔNG ĐỦ QUYỀN ĐỂ XEM THÀNH VIÊN THUỘC DỰ ÁN!]
[2026-08-20 21:24:55] - [INFO] - [app] - [project.py] - [TẠO DỰ ÁN THÀNH CÔNG]
[2026-08-20 21:28:26] - [INFO] - [app] - [project.py] - [TẠO DỰ ÁN THÀNH CÔNG]
[2026-08-20 21:28:49] - [INFO] - [app] - [project.py] - [XÓA THÀNH CÔNG]
[2026-08-20 21:29:03] - [INFO] - [app] - [project.py] - [LẤY DANH SÁCH DỰ ÁN THÀNH CÔNG !]
[2026-08-20 21:29:35] - [ERROR] - [app] - [project_member.py] - [NGƯỜI DÙNG ĐÃ CÓ TRONG DỰ ÁN]
[2026-08-20 21:30:04] - [ERROR] - [app] - [project_member.py] - [KHÔNG TÌM THẤY DỰ ÁN]
[2026-08-20 21:30:54] - [ERROR] - [app] - [project_member.py] - [DỰ ÁN ĐÃ BỊ XÓA !]
[2026-08-20 21:31:03] - [ERROR] - [app] - [project_member.py] - [DỰ ÁN ĐÃ BỊ XÓA !]
[2026-08-20 21:48:22] - [ERROR] - [app] - [project_member.py] - [DỰ ÁN ĐÃ BỊ XÓA !]
[2026-08-21 08:46:11] - [INFO] - [app] - [project.py] - [LẤY DANH SÁCH DỰ ÁN THÀNH CÔNG !]
[2026-08-21 08:50:11] - [INFO] - [app] - [project_member.py] - [LẤY DANH SÁCH DỰ ÁN THÀNH CÔNG !]
[2026-08-21 08:50:29] - [INFO] - [app] - [project_member.py] - [THÊM THÀNH VIÊN THÀNH CÔNG !]
[2026-08-21 08:50:33] - [INFO] - [app] - [project_member.py] - [LẤY DANH SÁCH DỰ ÁN THÀNH CÔNG !]
[2026-08-21 12:59:41] - [INFO] - [app] - [project.py] - [LẤY DANH SÁCH DỰ ÁN THÀNH CÔNG !]
[2026-08-21 12:59:50] - [INFO] - [app] - [project_member.py] - [LẤY DANH SÁCH DỰ ÁN THÀNH CÔNG !]
[2026-08-21 13:04:41] - [INFO] - [app] - [project.py] - [LẤY THÀNH CÔNG CHI TIẾT DỰ ÁN]
[2026-08-21 13:04:47] - [INFO] - [app] - [project.py] - [LẤY DANH SÁCH DỰ ÁN THÀNH CÔNG !]
[2026-08-21 13:05:01] - [ERROR] - [app] - [project.py] - [BẠN KHÔNG ĐỦ QUYỀN ĐỂ XÓA]
[2026-08-21 13:05:25] - [INFO] - [app] - [project.py] - [LẤY DANH SÁCH DỰ ÁN THÀNH CÔNG !]
[2026-08-21 13:05:56] - [ERROR] - [app] - [project_member.py] - [DỰ ÁN ĐÃ BỊ XÓA !]
[2026-08-21 13:57:23] - [INFO] - [app] - [project.py] - [LẤY DANH SÁCH DỰ ÁN THÀNH CÔNG !]
[2026-08-21 13:57:44] - [INFO] - [app] - [project.py] - [CẬP NHẬT DỰ ÁN]
[2026-08-21 13:57:50] - [INFO] - [app] - [project.py] - [LẤY DANH SÁCH DỰ ÁN THÀNH CÔNG !]
[2026-08-21 16:21:56] - [INFO] - [app] - [project_member.py] - [LẤY DANH SÁCH DỰ ÁN THÀNH CÔNG !]
[2026-08-23 14:18:43] - [INFO] - [app] - [project_member.py] - [LẤY DANH SÁCH DỰ ÁN THÀNH CÔNG !]
[2026-08-23 14:18:51] - [INFO] - [app] - [project.py] - [LẤY DANH SÁCH DỰ ÁN THÀNH CÔNG !]
[2026-08-23 14:21:44] - [ERROR] - [app] - [project_member.py] - [BẠN KHÔNG ĐỦ QUYỀN ĐỂ XEM THÀNH VIÊN THUỘC DỰ ÁN!]
[2026-08-23 14:21:50] - [INFO] - [app] - [project_member.py] - [LẤY DANH SÁCH DỰ ÁN THÀNH CÔNG !]
[2026-08-23 18:19:38] - [INFO] - [app] - [project.py] - [LẤY DANH SÁCH DỰ ÁN THÀNH CÔNG !]
[2026-08-23 18:19:54] - [ERROR] - [app] - [project_member.py] - [BẠN KHÔNG ĐỦ QUYỀN ĐỂ XEM THÀNH VIÊN THUỘC DỰ ÁN!]
[2026-08-23 18:20:33] - [INFO] - [app] - [project_member.py] - [LẤY DANH SÁCH DỰ ÁN THÀNH CÔNG !]
[2026-08-23 18:21:04] - [ERROR] - [app] - [project_member.py] - [NGƯỜI DÙNG ĐÃ CÓ TRONG DỰ ÁN]
[2026-08-23 18:21:27] - [INFO] - [app] - [project_member.py] - [THÊM THÀNH VIÊN THÀNH CÔNG !]
[2026-08-23 18:21:47] - [ERROR] - [app] - [project_member.py] - [NGƯỜI DÙNG ĐÃ CÓ TRONG DỰ ÁN]
[2026-08-23 18:21:59] - [ERROR] - [app] - [project_member.py] - [KHỐNG ĐƯỢC XÓA CHÍNH BẢN THÂN TRONG DỰ ÁN ĐÓ !]
[2026-08-23 18:22:13] - [INFO] - [app] - [project_member.py] - [XÓA THÀNH VIÊN THÀNH CONG !]
[2026-08-23 18:22:40] - [INFO] - [app] - [project_member.py] - [THÊM THÀNH VIÊN THÀNH CÔNG !]
[2026-08-23 18:23:36] - [ERROR] - [app] - [project_member.py] - [NGƯỜI DÙNG ĐÃ CÓ TRONG DỰ ÁN]
[2026-08-23 18:23:44] - [INFO] - [app] - [project_member.py] - [XÓA THÀNH VIÊN THÀNH CONG !]
[2026-08-23 18:23:56] - [INFO] - [app] - [project_member.py] - [LẤY DANH SÁCH DỰ ÁN THÀNH CÔNG !]
[2026-08-23 18:24:24] - [INFO] - [app] - [project_member.py] - [LẤY DANH SÁCH DỰ ÁN THÀNH CÔNG !]
[2026-08-23 18:37:21] - [INFO] - [app] - [middleware.py] - [RequestID: 5d3cd68c-59a7-46a2-9a55-7d1a5c06bc1b | Method: GET | Path: /docs | Status: 200 | ProcessTime: 0.0004s]
[2026-08-23 18:37:21] - [INFO] - [app] - [middleware.py] - [RequestID: 7aeec3c2-9022-4a8c-a7d8-bf5623f260d2 | Method: GET | Path: /openapi.json | Status: 200 | ProcessTime: 0.1710s]
[2026-08-23 18:38:28] - [INFO] - [app] - [middleware.py] - [RequestID: 89f3aafc-746d-455d-871c-8ba2c6ee55a6 | Method: POST | Path: /auth/login | Status: 400 | ProcessTime: 0.0445s]
[2026-08-23 18:38:39] - [INFO] - [app] - [middleware.py] - [RequestID: ca876022-b7e8-47f6-b1c6-3b56012230fb | Method: GET | Path: /docs | Status: 200 | ProcessTime: 0.0002s]
[2026-08-23 18:38:39] - [INFO] - [app] - [middleware.py] - [RequestID: 7889d2ba-733e-4826-8501-1a92fc4ede66 | Method: GET | Path: /openapi.json | Status: 200 | ProcessTime: 0.0016s]
[2026-08-23 18:39:02] - [INFO] - [app] - [middleware.py] - [RequestID: d341118a-d7c7-42b5-bda8-9d1ea622bec3 | Method: POST | Path: /auth/login | Status: 201 | ProcessTime: 0.0986s]
[2026-08-23 18:39:05] - [INFO] - [app] - [middleware.py] - [RequestID: a1540f4d-b013-41b5-b5e0-efce6998e0cf | Method: GET | Path: /.well-known/appspecific/com.chrome.devtools.json | Status: 404 | ProcessTime: 0.0005s]
[2026-08-23 18:39:13] - [INFO] - [app] - [middleware.py] - [RequestID: ec7863fe-3c49-46c6-8ae1-0164b9204995 | Method: POST | Path: /auth/login | Status: 201 | ProcessTime: 0.1361s]
[2026-08-24 07:03:33] - [INFO] - [app] - [middleware.py] - [RequestID: 60781ddb-db6e-4ee1-9b6d-27fef5e1871d | Method: GET | Path: /docs | Status: 200 | ProcessTime: 0.0014s]
[2026-08-24 07:03:34] - [INFO] - [app] - [middleware.py] - [RequestID: b48f42b2-8379-49d3-99a8-3568ae6d563e | Method: GET | Path: /openapi.json | Status: 200 | ProcessTime: 0.3176s]
[2026-08-24 07:16:55] - [INFO] - [app] - [middleware.py] - [RequestID: 3dc46afb-dce2-406e-a3c5-b7188bca3f25 | Method: GET | Path: /docs | Status: 200 | ProcessTime: 0.0017s]
[2026-08-24 07:16:55] - [INFO] - [app] - [middleware.py] - [RequestID: d3b32b01-84d2-4da6-b467-c9dce0b5eaa6 | Method: GET | Path: /openapi.json | Status: 200 | ProcessTime: 0.0029s]
[2026-08-24 07:17:59] - [INFO] - [app] - [middleware.py] - [RequestID: dee891be-f14b-4536-8a16-c10feb374c84 | Method: POST | Path: /auth/login | Status: 201 | ProcessTime: 0.3086s]
[2026-08-24 07:18:18] - [INFO] - [app] - [project.py] - [TẠO DỰ ÁN THÀNH CÔNG]
[2026-08-24 07:18:18] - [INFO] - [app] - [middleware.py] - [RequestID: b74fe734-eaf4-4d06-a11a-c9c6b1bf4ff2 | Method: POST | Path: /projects/ | Status: 201 | ProcessTime: 0.0357s]
[2026-08-24 07:18:30] - [INFO] - [app] - [project.py] - [LẤY DANH SÁCH DỰ ÁN THÀNH CÔNG !]
[2026-08-24 07:18:30] - [INFO] - [app] - [middleware.py] - [RequestID: e0324bfb-324e-4b27-9a70-8431ca33ed05 | Method: GET | Path: /projects/ | Status: 200 | ProcessTime: 0.0199s]
[2026-08-24 07:18:48] - [INFO] - [app] - [project.py] - [LẤY DANH SÁCH DỰ ÁN THÀNH CÔNG !]
[2026-08-24 07:18:48] - [INFO] - [app] - [middleware.py] - [RequestID: 091ad688-8208-4851-a5f4-f54fd83af5aa | Method: GET | Path: /projects/ | Status: 200 | ProcessTime: 0.0511s]
[2026-08-24 07:18:57] - [ERROR] - [app] - [project.py] - [KHÔNG TÌM THẤY DỰ ÁN]
[2026-08-24 07:18:57] - [INFO] - [app] - [middleware.py] - [RequestID: 31d71682-2d6f-48da-8257-8b97ba315a0e | Method: GET | Path: /projects/5 | Status: 404 | ProcessTime: 0.0091s]
[2026-08-24 07:19:02] - [INFO] - [app] - [project.py] - [LẤY THÀNH CÔNG CHI TIẾT DỰ ÁN]
[2026-08-24 07:19:02] - [INFO] - [app] - [middleware.py] - [RequestID: 44ad90a0-7edb-4a2b-8720-61a894230931 | Method: GET | Path: /projects/2 | Status: 200 | ProcessTime: 0.0126s]
[2026-08-24 07:19:09] - [INFO] - [app] - [project.py] - [LẤY DANH SÁCH DỰ ÁN THÀNH CÔNG !]
[2026-08-24 07:19:09] - [INFO] - [app] - [middleware.py] - [RequestID: 61c72add-7e50-45fc-ada0-6a729f953979 | Method: GET | Path: /projects/ | Status: 200 | ProcessTime: 0.0089s]
[2026-08-24 07:19:17] - [ERROR] - [app] - [project.py] - [BẠN KHÔNG ĐỦ QUYỀN ĐỂ XEM CHI TIẾT DỰ ÁN]
[2026-08-24 07:19:17] - [INFO] - [app] - [middleware.py] - [RequestID: 8b308a09-cb21-4651-8970-9412d0343db3 | Method: GET | Path: /projects/1 | Status: 403 | ProcessTime: 0.0481s]
[2026-08-24 07:19:25] - [ERROR] - [app] - [project.py] - [BẠN KHÔNG ĐỦ QUYỀN ĐỂ CẬP NHẬT DỰ ÁN]
[2026-08-24 07:19:25] - [INFO] - [app] - [middleware.py] - [RequestID: a189a9e0-ed9d-4009-8f38-11d5555f4a56 | Method: PATCH | Path: /projects/1 | Status: 403 | ProcessTime: 0.0091s]
[2026-08-24 07:19:53] - [ERROR] - [app] - [project.py] - [BẠN KHÔNG ĐỦ QUYỀN ĐỂ CẬP NHẬT DỰ ÁN]
[2026-08-24 07:19:53] - [INFO] - [app] - [middleware.py] - [RequestID: 872752f7-cb61-429a-a642-cb7d1c3937ed | Method: PATCH | Path: /projects/1 | Status: 403 | ProcessTime: 0.0083s]
[2026-08-24 07:20:02] - [INFO] - [app] - [project.py] - [CẬP NHẬT DỰ ÁN]
[2026-08-24 07:20:02] - [INFO] - [app] - [middleware.py] - [RequestID: ff676f26-f212-48b3-be27-ac7d41f3d760 | Method: PATCH | Path: /projects/2 | Status: 200 | ProcessTime: 0.0597s]
[2026-08-24 07:20:44] - [INFO] - [app] - [project.py] - [XÓA THÀNH CÔNG]
[2026-08-24 07:20:44] - [INFO] - [app] - [middleware.py] - [RequestID: 6374c360-c1dd-468e-a2bc-3fe7f8b6d0d4 | Method: DELETE | Path: /projects/4 | Status: 204 | ProcessTime: 0.0122s]
[2026-08-24 07:21:31] - [ERROR] - [app] - [project_member.py] - [DỰ ÁN ĐÃ BỊ XÓA !]
[2026-08-24 07:21:31] - [INFO] - [app] - [middleware.py] - [RequestID: 5f36290b-0fec-4982-8f1b-c45c36198eba | Method: POST | Path: /project_member/4/members | Status: 400 | ProcessTime: 0.0098s]
[2026-08-24 07:21:47] - [INFO] - [app] - [project.py] - [CẬP NHẬT DỰ ÁN]
[2026-08-24 07:21:47] - [INFO] - [app] - [middleware.py] - [RequestID: 81078c29-1053-4e72-9ea1-784559312986 | Method: PATCH | Path: /projects/4 | Status: 200 | ProcessTime: 0.0330s]
[2026-08-24 07:22:02] - [INFO] - [app] - [project_member.py] - [THÊM THÀNH VIÊN THÀNH CÔNG !]
[2026-08-24 07:22:02] - [INFO] - [app] - [middleware.py] - [RequestID: 34aab785-1372-4f87-aec3-12ac158a6817 | Method: POST | Path: /project_member/4/members | Status: 201 | ProcessTime: 0.0616s]
[2026-08-24 07:22:10] - [INFO] - [app] - [project_member.py] - [LẤY DANH SÁCH DỰ ÁN THÀNH CÔNG !]
[2026-08-24 07:22:10] - [INFO] - [app] - [middleware.py] - [RequestID: 69c03f0a-26b7-4f7c-ad67-fe7a167fb036 | Method: GET | Path: /project_member/4/members | Status: 200 | ProcessTime: 0.0134s]
[2026-08-24 07:22:23] - [INFO] - [app] - [project_member.py] - [XÓA THÀNH VIÊN THÀNH CONG !]
[2026-08-24 07:22:23] - [INFO] - [app] - [middleware.py] - [RequestID: afd6242e-0938-4650-89d4-b30def2987c0 | Method: DELETE | Path: /project_member/4/members/11 | Status: 204 | ProcessTime: 0.0378s]
[2026-08-24 07:22:27] - [ERROR] - [app] - [project_member.py] - [USER KHÔNG TỒN TẠI !]
[2026-08-24 07:22:27] - [INFO] - [app] - [middleware.py] - [RequestID: 174342a3-7d4a-46c1-9dff-e18f2d10ea5f | Method: DELETE | Path: /project_member/4/members/1 | Status: 404 | ProcessTime: 0.0110s]
[2026-08-24 07:22:32] - [ERROR] - [app] - [project_member.py] - [KHỐNG ĐƯỢC XÓA CHÍNH BẢN THÂN TRONG DỰ ÁN ĐÓ !]
[2026-08-24 07:22:32] - [INFO] - [app] - [middleware.py] - [RequestID: 1b248fad-3a16-4cc7-b70c-4df365b40753 | Method: DELETE | Path: /project_member/4/members/9 | Status: 400 | ProcessTime: 0.0091s]
[2026-08-24 07:23:20] - [INFO] - [app] - [project_member.py] - [THÊM THÀNH VIÊN THÀNH CÔNG !]
[2026-08-24 07:23:20] - [INFO] - [app] - [middleware.py] - [RequestID: 3bdbfd9e-0ab5-462a-b8a0-04e074bafa02 | Method: POST | Path: /project_member/4/members | Status: 201 | ProcessTime: 0.0666s]
[2026-08-24 07:23:59] - [INFO] - [app] - [middleware.py] - [RequestID: ed5ec134-b332-43f1-b253-f268a8ab5be3 | Method: PATCH | Path: /projects/4 | Status: 422 | ProcessTime: 0.0053s]
[2026-08-24 07:40:12] - [INFO] - [app] - [middleware.py] - [RequestID: 43f1c4df-b121-42d0-ad8c-0729885bc41f | Method: GET | Path: /docs | Status: 200 | ProcessTime: 0.0005s]
[2026-08-24 07:40:12] - [INFO] - [app] - [middleware.py] - [RequestID: b2127ddd-483e-4dee-bad8-7693ecaffcc7 | Method: GET | Path: /openapi.json | Status: 200 | ProcessTime: 0.3476s]
[2026-08-24 07:40:21] - [INFO] - [app] - [middleware.py] - [RequestID: 993e2816-034f-4ce2-bff2-0f80c76b573d | Method: GET | Path: /docs | Status: 200 | ProcessTime: 0.0004s]
[2026-08-24 07:40:21] - [INFO] - [app] - [middleware.py] - [RequestID: b2ba8109-60a0-4599-89c7-5f86a9514c3e | Method: GET | Path: /openapi.json | Status: 200 | ProcessTime: 0.0019s]
[2026-08-24 07:40:49] - [INFO] - [app] - [middleware.py] - [RequestID: 117ba5e1-1694-4262-8217-357ff8248a4c | Method: POST | Path: /auth/login | Status: 201 | ProcessTime: 0.2081s]
[2026-08-24 07:41:11] - [INFO] - [app] - [middleware.py] - [RequestID: ea79df76-f8ba-46ea-9f3b-ee686f31c17b | Method: POST | Path: /projects/ | Status: 422 | ProcessTime: 0.0112s]
[2026-08-24 07:41:33] - [INFO] - [app] - [project.py] - [TẠO DỰ ÁN THÀNH CÔNG]
[2026-08-24 07:41:33] - [INFO] - [app] - [middleware.py] - [RequestID: a1d4d1cc-be24-433e-b004-f71466276d88 | Method: POST | Path: /projects/ | Status: 201 | ProcessTime: 0.0586s]
[2026-08-24 07:42:11] - [INFO] - [app] - [project.py] - [LẤY DANH SÁCH DỰ ÁN THÀNH CÔNG !]
[2026-08-24 07:42:11] - [INFO] - [app] - [middleware.py] - [RequestID: 4a3f1c59-d5b9-4650-af90-18360291460e | Method: GET | Path: /projects/ | Status: 200 | ProcessTime: 0.0228s]
[2026-08-24 07:49:09] - [ERROR] - [app] - [project.py] - [KHÔNG TÌM THẤY DỰ ÁN]
[2026-08-24 07:49:09] - [INFO] - [app] - [middleware.py] - [RequestID: 4da7cc67-4c30-40d7-9f58-1da533a3857f | Method: DELETE | Path: /projects/10 | Status: 404 | ProcessTime: 0.0090s]
[2026-08-24 07:49:12] - [INFO] - [app] - [project.py] - [XÓA THÀNH CÔNG]
[2026-08-24 07:49:12] - [INFO] - [app] - [middleware.py] - [RequestID: 4e217121-9b46-4cbb-b4da-99be0231b7a7 | Method: DELETE | Path: /projects/5 | Status: 204 | ProcessTime: 0.0499s]
[2026-08-24 08:05:22] - [ERROR] - [app] - [project.py] - [KHÔNG TÌM THẤY DỰ ÁN]
[2026-08-24 08:05:22] - [INFO] - [app] - [middleware.py] - [RequestID: 065b28e9-0b48-4bcd-ab66-7186025ef50c | Method: DELETE | Path: /projects/100 | Status: 404 | ProcessTime: 0.0094s]
[2026-08-24 08:06:12] - [INFO] - [app] - [middleware.py] - [RequestID: 93c91379-dbff-4874-94cb-4e88f572d201 | Method: DELETE | Path: /projects/4 | Status: 401 | ProcessTime: 0.0029s]
[2026-08-24 08:06:24] - [INFO] - [app] - [project.py] - [XÓA THÀNH CÔNG]
[2026-08-24 08:06:24] - [INFO] - [app] - [middleware.py] - [RequestID: 09811644-e407-438a-bb9d-00c5cb4f4f62 | Method: DELETE | Path: /projects/4 | Status: 204 | ProcessTime: 0.0486s]
[2026-08-24 08:20:46] - [INFO] - [app] - [middleware.py] - [RequestID: c04df459-611f-49d9-8080-f865c1b86553 | Method: GET | Path: /project_member/9/members | Status: 401 | ProcessTime: 0.0194s]
[2026-08-24 08:20:59] - [INFO] - [app] - [middleware.py] - [RequestID: 3762535c-50fe-4580-9b15-325202486304 | Method: POST | Path: /auth/refresh | Status: 201 | ProcessTime: 0.0425s]
[2026-08-24 08:21:28] - [INFO] - [app] - [project_member.py] - [LẤY DANH SÁCH DỰ ÁN THÀNH CÔNG !]
[2026-08-24 08:21:28] - [INFO] - [app] - [middleware.py] - [RequestID: d7ee6936-660d-4577-b7dc-2b5ce27fbcb8 | Method: GET | Path: /project_member/2/members | Status: 200 | ProcessTime: 0.0308s]
